// Jest Snapshot v1, https://goo.gl/fbAQLP

exports[`MealCard renders correctly 1`] = `
<div
  className="card"
>
  <div>
    <img
      alt="meal"
      className="image"
      src="url"
    />
  </div>
  <div
    className="cardInfo"
  >
    <div
      className="mealInfo"
    >
      <div
        className="label"
      >
        <p>
          Title
        </p>
      </div>
      <div
        className="mealDetails"
      >
        <p>
          meal
        </p>
      </div>
    </div>
    <div
      className="mealInfo"
    >
      <div
        className="mealInfoOne"
      >
        <div
          className="mealTitle"
        >
          <p>
            Meal
          </p>
        </div>
        <div
          className="mealTitle"
        >
          <p>
            Dish
          </p>
        </div>
        <div
          className="mealTitle"
        >
          <p>
            Cuisine
          </p>
        </div>
      </div>
      <div
        className="mealInfoTwo"
      >
        <div
          className="labelInfo"
        >
          <p>
            lunch
          </p>
        </div>
        <div
          className="labelInfo"
        >
          <p>
            egg
          </p>
        </div>
        <div
          className="labelInfo"
        >
          <p>
            test
          </p>
        </div>
      </div>
    </div>
  </div>
  <div
    className="btn"
  >
    <a
      href="/recipe/blank"
      onClick={[Function]}
    >
      View recipe
    </a>
  </div>
</div>
`;
