// Jest Snapshot v1, https://goo.gl/fbAQLP

exports[`MealRecipe renders correctly 1`] = `<div />`;
