// Jest Snapshot v1, https://goo.gl/fbAQLP

exports[`RecipeCard renders correctly 1`] = `
<div
  className="container"
>
  <div
    className="label"
  >
    <div
      className="header"
    >
      <h1>
        meal
        Â recipe
      </h1>
    </div>
  </div>
  <div
    className="info"
  >
    <div>
      <div>
        <img
          alt="meal"
          className="image"
          src="url"
        />
      </div>
      <div
        className="links"
      >
        <div
          className="link"
        >
          <a
            href="blank"
            rel="noopener noreferrer"
            target="_blank"
          >
            View meal procedures
          </a>
        </div>
        <div
          className="link"
        >
          <a
            href="/"
            onClick={[Function]}
          >
            Go to Search
          </a>
        </div>
      </div>
    </div>
    <div
      className="recipeInfo"
    >
      <div
        className="mealInfo"
      >
        <div
          className="mealInfoOne"
        >
          <div
            className="mealTitle"
          >
            <p>
              Meal
            </p>
          </div>
          <div
            className="mealTitle"
          >
            <p>
              Dish
            </p>
          </div>
          <div
            className="mealTitle"
          >
            <p>
              Cuisine
            </p>
          </div>
        </div>
        <div
          className="mealInfoTwo"
        >
          <div
            className="labelInfo"
          >
            <p>
              lunch
            </p>
          </div>
          <div
            className="labelInfo"
          >
            <p>
              egg
            </p>
          </div>
          <div
            className="labelInfo"
          >
            <p>
              test
            </p>
          </div>
        </div>
      </div>
      <div
        className="list"
      >
        <div
          className="title"
        >
          <p>
            Ingredients
          </p>
        </div>
        <p
          className="item"
        >
          1
        </p>
        <p
          className="item"
        >
          2
        </p>
        <p
          className="item"
        >
          3
        </p>
      </div>
    </div>
  </div>
</div>
`;
